{"kind": "score_resume_validated", "episode_id": "libero_10-task5-calibration-init10-cell0"}
{"kind": "score_resume_validated", "episode_id": "libero_10-task5-calibration-init10-cell1"}
{"kind": "score_resume_validated", "episode_id": "libero_10-task5-calibration-init10-cell2"}
{"kind": "score_resume_validated", "episode_id": "libero_10-task5-calibration-init10-cell3"}
{"kind": "score_resume_validated", "episode_id": "libero_10-task5-calibration-init10-cell4"}
{"kind": "score_resume_validated", "episode_id": "libero_10-task5-calibration-init10-cell5"}
{"kind": "score_resume_validated", "episode_id": "libero_10-task5-calibration-init10-cell6"}
{"kind": "score_resume_validated", "episode_id": "libero_10-task5-calibration-init10-cell7"}
{"kind": "score_resume_validated", "episode_id": "libero_10-task5-calibration-init11-cell0"}
{"kind": "score_resume_validated", "episode_id": "libero_10-task5-calibration-init11-cell1"}
{"kind": "score_resume_validated", "episode_id": "libero_10-task5-calibration-init11-cell2"}
{"kind": "score_resume_validated", "episode_id": "libero_10-task5-calibration-init11-cell3"}
{"kind": "score_resume_validated", "episode_id": "libero_10-task5-calibration-init11-cell4"}
{"kind": "score_resume_validated", "episode_id": "libero_10-task5-calibration-init11-cell5"}
{"kind": "score_resume_validated", "episode_id": "libero_10-task5-calibration-init11-cell6"}
{"kind": "score_resume_validated", "episode_id": "libero_10-task5-calibration-init11-cell7"}
{"kind": "score_resume_validated", "episode_id": "libero_10-task5-calibration-init12-cell0"}
{"kind": "score_resume_validated", "episode_id": "libero_10-task5-calibration-init12-cell1"}
{"kind": "score_resume_validated", "episode_id": "libero_10-task5-calibration-init12-cell2"}
{"kind": "score_resume_validated", "episode_id": "libero_10-task5-calibration-init12-cell3"}
{"kind": "score_resume_validated", "episode_id": "libero_10-task5-calibration-init12-cell4"}
{"kind": "score_resume_validated", "episode_id": "libero_10-task5-calibration-init12-cell5"}
{"kind": "score_resume_validated", "episode_id": "libero_10-task5-calibration-init12-cell6"}
{"kind": "score_resume_validated", "episode_id": "libero_10-task5-calibration-init12-cell7"}
{"kind": "score_resume_validated", "episode_id": "libero_10-task5-calibration-init13-cell0"}
{"kind": "score_resume_validated", "episode_id": "libero_10-task5-calibration-init13-cell1"}
{"kind": "score_resume_validated", "episode_id": "libero_10-task5-calibration-init13-cell2"}
{"kind": "score_resume_validated", "episode_id": "libero_10-task5-calibration-init13-cell3"}
{"kind": "score_resume_validated", "episode_id": "libero_10-task5-calibration-init13-cell4"}
{"kind": "score_resume_validated", "episode_id": "libero_10-task5-calibration-init13-cell5"}
{"kind": "score_resume_validated", "episode_id": "libero_10-task5-calibration-init13-cell6"}
{"kind": "score_resume_validated", "episode_id": "libero_10-task5-calibration-init13-cell7"}
{"kind": "score_resume_validated", "episode_id": "libero_10-task5-calibration-init14-cell0"}
{"kind": "score_resume_validated", "episode_id": "libero_10-task5-calibration-init14-cell1"}
{"kind": "score_resume_validated", "episode_id": "libero_10-task5-calibration-init14-cell2"}
{"kind": "score_resume_validated", "episode_id": "libero_10-task5-calibration-init14-cell3"}
{"kind": "score_resume_validated", "episode_id": "libero_10-task5-calibration-init14-cell4"}
{"kind": "score_resume_validated", "episode_id": "libero_10-task5-calibration-init14-cell5"}
{"kind": "score_resume_validated", "episode_id": "libero_10-task5-calibration-init14-cell6"}
{"kind": "score_resume_validated", "episode_id": "libero_10-task5-calibration-init14-cell7"}
{"kind": "score_resume_validated", "episode_id": "libero_10-task5-calibration-init15-cell0"}
{"kind": "score_resume_validated", "episode_id": "libero_10-task5-calibration-init15-cell1"}
{"kind": "score_resume_validated", "episode_id": "libero_10-task5-calibration-init15-cell2"}
{"kind": "score_resume_validated", "episode_id": "libero_10-task5-calibration-init15-cell3"}
{"kind": "score_resume_validated", "episode_id": "libero_10-task5-calibration-init15-cell4"}
{"kind": "score_resume_validated", "episode_id": "libero_10-task5-calibration-init15-cell5"}
{"kind": "score_resume_validated", "episode_id": "libero_10-task5-calibration-init15-cell6"}
{"kind": "score_resume_validated", "episode_id": "libero_10-task5-calibration-init15-cell7"}
{"kind": "score_resume_validated", "episode_id": "libero_10-task5-calibration-init16-cell0"}
{"kind": "score_resume_validated", "episode_id": "libero_10-task5-calibration-init16-cell1"}
{"kind": "score_resume_validated", "episode_id": "libero_10-task5-calibration-init16-cell2"}
{"kind": "score_resume_validated", "episode_id": "libero_10-task5-calibration-init16-cell3"}
{"kind": "score_resume_validated", "episode_id": "libero_10-task5-calibration-init16-cell4"}
{"kind": "score_resume_validated", "episode_id": "libero_10-task5-calibration-init16-cell5"}
{"kind": "score_resume_validated", "episode_id": "libero_10-task5-calibration-init16-cell6"}
{"kind": "score_resume_validated", "episode_id": "libero_10-task5-calibration-init16-cell7"}
{"kind": "score_resume_validated", "episode_id": "libero_10-task5-calibration-init17-cell0"}
{"kind": "score_resume_validated", "episode_id": "libero_10-task5-calibration-init17-cell1"}
{"kind": "score_resume_validated", "episode_id": "libero_10-task5-calibration-init17-cell2"}
{"kind": "score_resume_validated", "episode_id": "libero_10-task5-calibration-init17-cell3"}
{"kind": "score_resume_validated", "episode_id": "libero_10-task5-calibration-init17-cell4"}
{"kind": "score_resume_validated", "episode_id": "libero_10-task5-calibration-init17-cell5"}
{"kind": "score_resume_validated", "episode_id": "libero_10-task5-calibration-init17-cell6"}
{"kind": "score_resume_validated", "episode_id": "libero_10-task5-calibration-init17-cell7"}
{"kind": "score_resume_validated", "episode_id": "libero_10-task5-calibration-init18-cell0"}
{"kind": "score_resume_validated", "episode_id": "libero_10-task5-calibration-init18-cell1"}
{"kind": "score_resume_validated", "episode_id": "libero_10-task5-calibration-init18-cell2"}
{"kind": "score_resume_validated", "episode_id": "libero_10-task5-calibration-init18-cell3"}
{"kind": "score_resume_validated", "episode_id": "libero_10-task5-calibration-init18-cell4"}
{"kind": "score_resume_validated", "episode_id": "libero_10-task5-calibration-init18-cell5"}
{"kind": "score_resume_validated", "episode_id": "libero_10-task5-calibration-init18-cell6"}
{"kind": "score_resume_validated", "episode_id": "libero_10-task5-calibration-init18-cell7"}
{"kind": "score_resume_validated", "episode_id": "libero_10-task5-calibration-init19-cell0"}
{"kind": "score_resume_validated", "episode_id": "libero_10-task5-calibration-init19-cell1"}
{"kind": "score_resume_validated", "episode_id": "libero_10-task5-calibration-init19-cell2"}
{"kind": "score_resume_validated", "episode_id": "libero_10-task5-calibration-init19-cell3"}
{"kind": "score_resume_validated", "episode_id": "libero_10-task5-calibration-init19-cell4"}
{"kind": "score_resume_validated", "episode_id": "libero_10-task5-calibration-init19-cell5"}
{"kind": "score_resume_validated", "episode_id": "libero_10-task5-calibration-init19-cell6"}
{"kind": "score_resume_validated", "episode_id": "libero_10-task5-calibration-init19-cell7"}
{"kind": "score_resume_validated", "episode_id": "libero_10-task5-calibration-init20-cell0"}
{"kind": "score_resume_validated", "episode_id": "libero_10-task5-calibration-init20-cell1"}
{"kind": "score_resume_validated", "episode_id": "libero_10-task5-calibration-init20-cell2"}
{"kind": "score_resume_validated", "episode_id": "libero_10-task5-calibration-init20-cell3"}
{"kind": "score_resume_validated", "episode_id": "libero_10-task5-calibration-init20-cell4"}
{"kind": "score_resume_validated", "episode_id": "libero_10-task5-calibration-init20-cell5"}
{"kind": "score_resume_validated", "episode_id": "libero_10-task5-calibration-init20-cell6"}
{"kind": "score_resume_validated", "episode_id": "libero_10-task5-calibration-init20-cell7"}
{"kind": "score_resume_validated", "episode_id": "libero_10-task5-calibration-init21-cell0"}
{"kind": "score_resume_validated", "episode_id": "libero_10-task5-calibration-init21-cell1"}
{"kind": "score_resume_validated", "episode_id": "libero_10-task5-calibration-init21-cell2"}
{"kind": "score_resume_validated", "episode_id": "libero_10-task5-calibration-init21-cell3"}
{"kind": "score_resume_validated", "episode_id": "libero_10-task5-calibration-init21-cell4"}
{"kind": "score_resume_validated", "episode_id": "libero_10-task5-calibration-init21-cell5"}
{"kind": "score_resume_validated", "episode_id": "libero_10-task5-calibration-init21-cell6"}
{"kind": "score_resume_validated", "episode_id": "libero_10-task5-calibration-init21-cell7"}
{"kind": "score_resume_validated", "episode_id": "libero_10-task5-calibration-init22-cell0"}
{"kind": "score_resume_validated", "episode_id": "libero_10-task5-calibration-init22-cell1"}
{"kind": "score_resume_validated", "episode_id": "libero_10-task5-calibration-init22-cell2"}
{"kind": "score_resume_validated", "episode_id": "libero_10-task5-calibration-init22-cell3"}
{"kind": "score_resume_validated", "episode_id": "libero_10-task5-calibration-init22-cell4"}
{"kind": "score_resume_validated", "episode_id": "libero_10-task5-calibration-init22-cell5"}
{"kind": "score_resume_validated", "episode_id": "libero_10-task5-calibration-init22-cell6"}
{"kind": "score_resume_validated", "episode_id": "libero_10-task5-calibration-init22-cell7"}
{"kind": "score_resume_validated", "episode_id": "libero_10-task5-calibration-init23-cell0"}
{"kind": "score_resume_validated", "episode_id": "libero_10-task5-calibration-init23-cell1"}
{"kind": "score_resume_validated", "episode_id": "libero_10-task5-calibration-init23-cell2"}
{"kind": "score_resume_validated", "episode_id": "libero_10-task5-calibration-init23-cell3"}
{"kind": "score_resume_validated", "episode_id": "libero_10-task5-calibration-init23-cell4"}
{"kind": "score_resume_validated", "episode_id": "libero_10-task5-calibration-init23-cell5"}
{"kind": "score_resume_validated", "episode_id": "libero_10-task5-calibration-init23-cell6"}
{"kind": "score_resume_validated", "episode_id": "libero_10-task5-calibration-init23-cell7"}
{"kind": "score_resume_validated", "episode_id": "libero_10-task5-calibration-init24-cell0"}
{"kind": "score_resume_validated", "episode_id": "libero_10-task5-calibration-init24-cell1"}
{"kind": "score_resume_validated", "episode_id": "libero_10-task5-calibration-init24-cell2"}
{"kind": "score_resume_validated", "episode_id": "libero_10-task5-calibration-init24-cell3"}
{"kind": "score_resume_validated", "episode_id": "libero_10-task5-calibration-init24-cell4"}
{"kind": "score_resume_validated", "episode_id": "libero_10-task5-calibration-init24-cell5"}
{"kind": "score_resume_validated", "episode_id": "libero_10-task5-calibration-init24-cell6"}
{"kind": "score_resume_validated", "episode_id": "libero_10-task5-calibration-init24-cell7"}
{"kind": "score_resume_validated", "episode_id": "libero_10-task5-calibration-init25-cell0"}
{"kind": "score_resume_validated", "episode_id": "libero_10-task5-calibration-init25-cell1"}
{"kind": "score_resume_validated", "episode_id": "libero_10-task5-calibration-init25-cell2"}
{"kind": "score_resume_validated", "episode_id": "libero_10-task5-calibration-init25-cell3"}
{"kind": "score_resume_validated", "episode_id": "libero_10-task5-calibration-init25-cell4"}
{"kind": "score_resume_validated", "episode_id": "libero_10-task5-calibration-init25-cell5"}
{"kind": "score_resume_validated", "episode_id": "libero_10-task5-calibration-init25-cell6"}
{"kind": "score_resume_validated", "episode_id": "libero_10-task5-calibration-init25-cell7"}
{"kind": "score_resume_validated", "episode_id": "libero_10-task5-calibration-init26-cell0"}
{"kind": "score_resume_validated", "episode_id": "libero_10-task5-calibration-init26-cell1"}
{"kind": "score_resume_validated", "episode_id": "libero_10-task5-calibration-init26-cell2"}
{"kind": "score_resume_validated", "episode_id": "libero_10-task5-calibration-init26-cell3"}
{"kind": "score_resume_validated", "episode_id": "libero_10-task5-calibration-init26-cell4"}
{"kind": "score_resume_validated", "episode_id": "libero_10-task5-calibration-init26-cell5"}
{"kind": "score_resume_validated", "episode_id": "libero_10-task5-calibration-init26-cell6"}
{"kind": "score_resume_validated", "episode_id": "libero_10-task5-calibration-init26-cell7"}
{"kind": "score_resume_validated", "episode_id": "libero_10-task5-calibration-init27-cell0"}
{"kind": "score_resume_validated", "episode_id": "libero_10-task5-calibration-init27-cell1"}
{"kind": "score_resume_validated", "episode_id": "libero_10-task5-calibration-init27-cell2"}
{"kind": "score_resume_validated", "episode_id": "libero_10-task5-calibration-init27-cell3"}
{"kind": "score_resume_validated", "episode_id": "libero_10-task5-calibration-init27-cell4"}
{"kind": "score_resume_validated", "episode_id": "libero_10-task5-calibration-init27-cell5"}
{"kind": "score_resume_validated", "episode_id": "libero_10-task5-calibration-init27-cell6"}
{"kind": "score_resume_validated", "episode_id": "libero_10-task5-calibration-init27-cell7"}
{"kind": "score_resume_validated", "episode_id": "libero_10-task5-calibration-init28-cell0"}
{"kind": "score_resume_validated", "episode_id": "libero_10-task5-calibration-init28-cell1"}
{"kind": "score_resume_validated", "episode_id": "libero_10-task5-calibration-init28-cell2"}
{"kind": "score_resume_validated", "episode_id": "libero_10-task5-calibration-init28-cell3"}
{"kind": "score_resume_validated", "episode_id": "libero_10-task5-calibration-init28-cell4"}
{"kind": "score_resume_validated", "episode_id": "libero_10-task5-calibration-init28-cell5"}
{"kind": "score_resume_validated", "episode_id": "libero_10-task5-calibration-init28-cell6"}
{"kind": "score_resume_validated", "episode_id": "libero_10-task5-calibration-init28-cell7"}
{"kind": "score_resume_validated", "episode_id": "libero_10-task5-calibration-init29-cell0"}
{"kind": "score_resume_validated", "episode_id": "libero_10-task5-calibration-init29-cell1"}
{"kind": "score_resume_validated", "episode_id": "libero_10-task5-calibration-init29-cell2"}
{"kind": "score_resume_validated", "episode_id": "libero_10-task5-calibration-init29-cell3"}
{"kind": "score_resume_validated", "episode_id": "libero_10-task5-calibration-init29-cell4"}
{"kind": "score_resume_validated", "episode_id": "libero_10-task5-calibration-init29-cell5"}
{"kind": "score_resume_validated", "episode_id": "libero_10-task5-calibration-init29-cell6"}
{"kind": "score_resume_validated", "episode_id": "libero_10-task5-calibration-init29-cell7"}
Traceback (most recent call last):
  File "/workspace/runstate/calibration_score_18d6494.py", line 398, in <module>
    raise SystemExit(main())
                     ^^^^^^
  File "/workspace/runstate/calibration_score_18d6494.py", line 374, in main
    "feature_cohort_sha256": feature_cohort.metadata_sha256,
                             ^^^^^^^^^^^^^^^^^^^^^^^^^^^^^^
AttributeError: 'FeatureCohort' object has no attribute 'metadata_sha256'
